{"level":"info","message":"[Server:Middleware] Compression applied","timestamp":"2025-06-28T14:21:15.852Z"}
{"0":"http://localhost:5173","1":"http://localhost:5173","level":"info","message":"[Server:CORS] Allowed origins:","timestamp":"2025-06-28T14:21:15.856Z"}
{"level":"info","message":"[Server:Middleware] JSON, URL-encoded, cookie-parser applied","timestamp":"2025-06-28T14:21:15.857Z"}
{"level":"info","message":"[Server:Routes] All routes mounted","timestamp":"2025-06-28T14:21:15.859Z"}
{"level":"info","message":"[Server:Middleware] Error handler applied","timestamp":"2025-06-28T14:21:15.860Z"}
{"level":"info","message":"[Server:Startup] Connecting to database","timestamp":"2025-06-28T14:21:15.861Z"}
{"level":"info","message":"MongoDB connected","timestamp":"2025-06-28T14:21:16.597Z"}
{"level":"info","message":"[Cache] Initial stats","stats":{"hits":0,"keys":0,"ksize":0,"misses":0,"vsize":0},"timestamp":"2025-06-28T14:21:16.598Z"}
{"level":"info","message":"[Server:Startup] Temporary file cleanup job started","timestamp":"2025-06-28T14:21:16.602Z"}
{"level":"info","message":"[Server:Startup] 🚀 Server running on port: 8001","timestamp":"2025-06-28T14:21:16.605Z"}
{"level":"info","message":"[getAdConfigs] Fetched ad configurations","timestamp":"2025-06-28T14:39:17.361Z","userId":"6837510a68907d1f54db9b7f"}
{"count":25252,"level":"info","message":"[getPendingEmails] Fetched pending emails","timestamp":"2025-06-28T14:39:32.079Z","userId":"6837510a68907d1f54db9b7f"}
{"level":"info","message":"[getAdConfigs] Fetched ad configurations","timestamp":"2025-06-28T14:39:33.322Z","userId":"6837510a68907d1f54db9b7f"}
{"count":25252,"level":"info","message":"[getPendingEmails] Fetched pending emails","timestamp":"2025-06-28T14:39:48.295Z","userId":"6837510a68907d1f54db9b7f"}
{"count":3,"level":"info","message":"[getAllAdEarnings] Fetched ad earnings","timestamp":"2025-06-28T14:40:24.828Z","userId":"6837510a68907d1f54db9b7f"}
{"count":3,"level":"info","message":"[getAllAdEarnings] Fetched ad earnings","timestamp":"2025-06-28T14:40:34.164Z","userId":"6837510a68907d1f54db9b7f"}
{"level":"info","message":"[getAdConfigs] Fetched ad configurations","timestamp":"2025-06-28T14:42:16.184Z","userId":"6837510a68907d1f54db9b7f"}
{"count":25784,"level":"info","message":"[getPendingEmails] Fetched pending emails","timestamp":"2025-06-28T14:42:35.074Z","userId":"6837510a68907d1f54db9b7f"}
{"count":3,"level":"info","message":"[getAllAdEarnings] Fetched ad earnings","timestamp":"2025-06-28T14:43:10.389Z","userId":"6837510a68907d1f54db9b7f"}
{"key":"adConfigs:all","level":"info","message":"[Cache:Get] Cache miss","timestamp":"2025-06-28T17:45:06.857Z"}
{"key":"adConfigs:all","level":"info","message":"[Cache:Set] Successfully set","timestamp":"2025-06-28T17:45:06.901Z"}
{"key":"adConfigs:all","level":"info","message":"[Cache:Get] Cache miss","timestamp":"2025-06-28T17:57:10.720Z"}
{"key":"adConfigs:all","level":"info","message":"[Cache:Set] Successfully set","timestamp":"2025-06-28T17:57:10.781Z"}
{"key":"follow:6837510a68907d1f54db9b7f:684d0b800bf006f74f615f57","level":"info","message":"[Cache:Get] Cache miss","timestamp":"2025-06-29T10:01:01.395Z"}
{"key":"follow:6837510a68907d1f54db9b7f:684d0b800bf006f74f615f57","level":"info","message":"[Cache:Set] Successfully set","timestamp":"2025-06-29T10:01:01.440Z"}
{"key":"follow:6837510a68907d1f54db9b7f:684d0b800bf006f74f615f57","level":"info","message":"[Cache:Del] Deleted","success":true,"timestamp":"2025-06-29T10:01:09.817Z"}
{"key":"follow:6837510a68907d1f54db9b7f:684d0b800bf006f74f615f57","level":"info","message":"[Cache:Set] Successfully set","timestamp":"2025-06-29T10:01:11.323Z"}
{"key":"follow:6837510a68907d1f54db9b7f:6837510a68907d1f54db9b7f","level":"info","message":"[Cache:Get] Cache miss","timestamp":"2025-06-29T10:01:13.284Z"}
{"key":"follow:6837510a68907d1f54db9b7f:6837510a68907d1f54db9b7f","level":"info","message":"[Cache:Set] Successfully set","timestamp":"2025-06-29T10:01:13.442Z"}
{"key":"follow:6837510a68907d1f54db9b7f:6837510a68907d1f54db9b7f","level":"info","message":"[Cache:Get] Cache miss","timestamp":"2025-06-29T10:15:36.870Z"}
{"key":"follow:6837510a68907d1f54db9b7f:6837510a68907d1f54db9b7f","level":"info","message":"[Cache:Set] Successfully set","timestamp":"2025-06-29T10:15:36.910Z"}
{"key":"follow:6837510a68907d1f54db9b7f:684d0b800bf006f74f615f57","level":"info","message":"[Cache:Get] Cache miss","timestamp":"2025-06-29T10:15:39.517Z"}
{"key":"follow:6837510a68907d1f54db9b7f:684d0b800bf006f74f615f57","level":"info","message":"[Cache:Set] Successfully set","timestamp":"2025-06-29T10:15:39.555Z"}
{"key":"follow:6837510a68907d1f54db9b7f:6837510a68907d1f54db9b7f","level":"info","message":"[Cache:Get] Cache miss","timestamp":"2025-06-29T10:51:12.145Z"}
{"key":"follow:6837510a68907d1f54db9b7f:6837510a68907d1f54db9b7f","level":"info","message":"[Cache:Set] Successfully set","timestamp":"2025-06-29T10:51:12.184Z"}
{"key":"follow:6837510a68907d1f54db9b7f:6837510a68907d1f54db9b7f","level":"info","message":"[Cache:Get] Cache miss","timestamp":"2025-06-29T10:52:16.633Z"}
{"key":"follow:6837510a68907d1f54db9b7f:6837510a68907d1f54db9b7f","level":"info","message":"[Cache:Set] Successfully set","timestamp":"2025-06-29T10:52:16.679Z"}
{"key":"follow:6837510a68907d1f54db9b7f:684d0b800bf006f74f615f57","level":"info","message":"[Cache:Get] Cache miss","timestamp":"2025-06-29T10:52:26.844Z"}
{"key":"follow:6837510a68907d1f54db9b7f:684d0b800bf006f74f615f57","level":"info","message":"[Cache:Set] Successfully set","timestamp":"2025-06-29T10:52:26.962Z"}
{"key":"follow:6837510a68907d1f54db9b7f:6837510a68907d1f54db9b7f","level":"info","message":"[Cache:Get] Cache miss","timestamp":"2025-06-29T10:54:09.659Z"}
{"key":"follow:6837510a68907d1f54db9b7f:6837510a68907d1f54db9b7f","level":"info","message":"[Cache:Set] Successfully set","timestamp":"2025-06-29T10:54:09.698Z"}
{"key":"follow:6837510a68907d1f54db9b7f:6837510a68907d1f54db9b7f","level":"info","message":"[Cache:Get] Cache miss","timestamp":"2025-06-29T10:54:30.900Z"}
{"key":"follow:6837510a68907d1f54db9b7f:6837510a68907d1f54db9b7f","level":"info","message":"[Cache:Set] Successfully set","timestamp":"2025-06-29T10:54:30.952Z"}
{"key":"follow:6837510a68907d1f54db9b7f:6837510a68907d1f54db9b7f","level":"info","message":"[Cache:Get] Cache miss","timestamp":"2025-06-29T10:57:03.113Z"}
{"key":"follow:6837510a68907d1f54db9b7f:6837510a68907d1f54db9b7f","level":"info","message":"[Cache:Set] Successfully set","timestamp":"2025-06-29T10:57:03.167Z"}
{"key":"follow:6837510a68907d1f54db9b7f:6837510a68907d1f54db9b7f","level":"info","message":"[Cache:Get] Cache miss","timestamp":"2025-06-29T11:04:49.909Z"}
{"key":"follow:6837510a68907d1f54db9b7f:6837510a68907d1f54db9b7f","level":"info","message":"[Cache:Set] Successfully set","timestamp":"2025-06-29T11:04:49.948Z"}
{"key":"follow:6837510a68907d1f54db9b7f:6837510a68907d1f54db9b7f","level":"info","message":"[Cache:Get] Cache miss","timestamp":"2025-06-29T11:05:18.326Z"}
{"key":"follow:6837510a68907d1f54db9b7f:6837510a68907d1f54db9b7f","level":"info","message":"[Cache:Set] Successfully set","timestamp":"2025-06-29T11:05:18.388Z"}
{"key":"follow:6837510a68907d1f54db9b7f:6837510a68907d1f54db9b7f","level":"info","message":"[Cache:Get] Cache miss","timestamp":"2025-06-29T11:10:49.214Z"}
{"key":"follow:6837510a68907d1f54db9b7f:6837510a68907d1f54db9b7f","level":"info","message":"[Cache:Set] Successfully set","timestamp":"2025-06-29T11:10:49.253Z"}
{"key":"follow:6837510a68907d1f54db9b7f:6837510a68907d1f54db9b7f","level":"info","message":"[Cache:Get] Cache miss","timestamp":"2025-06-29T11:11:47.957Z"}
{"key":"follow:6837510a68907d1f54db9b7f:6837510a68907d1f54db9b7f","level":"info","message":"[Cache:Set] Successfully set","timestamp":"2025-06-29T11:11:48.007Z"}
{"key":"follow:6837510a68907d1f54db9b7f:6837510a68907d1f54db9b7f","level":"info","message":"[Cache:Get] Cache miss","timestamp":"2025-06-29T11:18:17.831Z"}
{"key":"follow:6837510a68907d1f54db9b7f:6837510a68907d1f54db9b7f","level":"info","message":"[Cache:Set] Successfully set","timestamp":"2025-06-29T11:18:17.869Z"}
{"key":"follow:6837510a68907d1f54db9b7f:684d0b800bf006f74f615f57","level":"info","message":"[Cache:Get] Cache miss","timestamp":"2025-06-29T11:18:20.866Z"}
{"key":"follow:6837510a68907d1f54db9b7f:684d0b800bf006f74f615f57","level":"info","message":"[Cache:Set] Successfully set","timestamp":"2025-06-29T11:18:20.909Z"}
{"key":"follow:6837510a68907d1f54db9b7f:6837510a68907d1f54db9b7f","level":"info","message":"[Cache:Get] Cache miss","timestamp":"2025-06-29T11:25:14.450Z"}
{"key":"follow:6837510a68907d1f54db9b7f:6837510a68907d1f54db9b7f","level":"info","message":"[Cache:Set] Successfully set","timestamp":"2025-06-29T11:25:14.489Z"}
{"key":"follow:6837510a68907d1f54db9b7f:6837510a68907d1f54db9b7f","level":"info","message":"[Cache:Get] Cache miss","timestamp":"2025-06-29T11:26:39.438Z"}
{"key":"follow:6837510a68907d1f54db9b7f:6837510a68907d1f54db9b7f","level":"info","message":"[Cache:Set] Successfully set","timestamp":"2025-06-29T11:26:39.480Z"}
{"key":"follow:6837510a68907d1f54db9b7f:6837510a68907d1f54db9b7f","level":"info","message":"[Cache:Get] Cache miss","timestamp":"2025-06-29T12:18:19.481Z"}
{"key":"follow:6837510a68907d1f54db9b7f:6837510a68907d1f54db9b7f","level":"info","message":"[Cache:Set] Successfully set","timestamp":"2025-06-29T12:18:19.528Z"}
{"key":"follow:6837510a68907d1f54db9b7f:684d0b800bf006f74f615f57","level":"info","message":"[Cache:Get] Cache miss","timestamp":"2025-06-29T13:13:37.907Z"}
{"key":"follow:6837510a68907d1f54db9b7f:684d0b800bf006f74f615f57","level":"info","message":"[Cache:Set] Successfully set","timestamp":"2025-06-29T13:13:37.944Z"}
{"key":"follow:6837510a68907d1f54db9b7f:6837510a68907d1f54db9b7f","level":"info","message":"[Cache:Get] Cache miss","timestamp":"2025-06-29T13:39:57.370Z"}
{"key":"follow:6837510a68907d1f54db9b7f:6837510a68907d1f54db9b7f","level":"info","message":"[Cache:Set] Successfully set","timestamp":"2025-06-29T13:39:57.430Z"}
{"key":"follow:6837510a68907d1f54db9b7f:683558568cd02366ec379c24","level":"info","message":"[Cache:Get] Cache miss","timestamp":"2025-06-29T13:40:05.601Z"}
{"key":"follow:6837510a68907d1f54db9b7f:683558568cd02366ec379c24","level":"info","message":"[Cache:Set] Successfully set","timestamp":"2025-06-29T13:40:05.759Z"}
{"key":"follow:6837510a68907d1f54db9b7f:6837510a68907d1f54db9b7f","level":"info","message":"[Cache:Get] Cache miss","timestamp":"2025-06-29T15:15:53.377Z"}
{"key":"follow:6837510a68907d1f54db9b7f:6837510a68907d1f54db9b7f","level":"info","message":"[Cache:Set] Successfully set","timestamp":"2025-06-29T15:15:53.422Z"}
{"key":"follow:6837510a68907d1f54db9b7f:6837510a68907d1f54db9b7f","level":"info","message":"[Cache:Get] Cache miss","timestamp":"2025-06-29T16:18:12.172Z"}
{"key":"follow:6837510a68907d1f54db9b7f:6837510a68907d1f54db9b7f","level":"info","message":"[Cache:Set] Successfully set","timestamp":"2025-06-29T16:18:12.213Z"}
{"key":"follow:6837510a68907d1f54db9b7f:683558568cd02366ec379c24","level":"info","message":"[Cache:Get] Cache miss","timestamp":"2025-06-29T17:02:24.019Z"}
{"key":"follow:6837510a68907d1f54db9b7f:683558568cd02366ec379c24","level":"info","message":"[Cache:Set] Successfully set","timestamp":"2025-06-29T17:02:24.060Z"}
{"key":"follow:6837510a68907d1f54db9b7f:6837510a68907d1f54db9b7f","level":"info","message":"[Cache:Get] Cache miss","timestamp":"2025-06-29T17:21:08.007Z"}
{"key":"follow:6837510a68907d1f54db9b7f:6837510a68907d1f54db9b7f","level":"info","message":"[Cache:Set] Successfully set","timestamp":"2025-06-29T17:21:08.085Z"}
{"key":"follow:6837510a68907d1f54db9b7f:684d0b800bf006f74f615f57","level":"info","message":"[Cache:Get] Cache miss","timestamp":"2025-06-29T17:36:04.149Z"}
{"key":"follow:6837510a68907d1f54db9b7f:684d0b800bf006f74f615f57","level":"info","message":"[Cache:Set] Successfully set","timestamp":"2025-06-29T17:36:04.194Z"}
{"filePath":"D:\\Amit\\A Developer\\2025 development\\Amit project\\Own Blogs\\servers\\temp\\earnings-report-1751111562742.csv","level":"info","message":"[Cleanup] Deleted old temp file","timestamp":"2025-06-29T18:30:00.057Z"}
{"key":"follow:6837510a68907d1f54db9b7f:6837510a68907d1f54db9b7f","level":"info","message":"[Cache:Get] Cache miss","timestamp":"2025-06-29T19:37:23.393Z"}
{"key":"follow:6837510a68907d1f54db9b7f:6837510a68907d1f54db9b7f","level":"info","message":"[Cache:Set] Successfully set","timestamp":"2025-06-29T19:37:23.437Z"}
{"key":"follow:684d0b800bf006f74f615f57:6837510a68907d1f54db9b7f","level":"info","message":"[Cache:Get] Cache miss","timestamp":"2025-06-30T03:21:25.022Z"}
{"key":"follow:684d0b800bf006f74f615f57:6837510a68907d1f54db9b7f","level":"info","message":"[Cache:Set] Successfully set","timestamp":"2025-06-30T03:21:25.061Z"}
{"key":"follow:684d0b800bf006f74f615f57:684d0b800bf006f74f615f57","level":"info","message":"[Cache:Get] Cache miss","timestamp":"2025-06-30T03:21:27.142Z"}
{"key":"follow:684d0b800bf006f74f615f57:684d0b800bf006f74f615f57","level":"info","message":"[Cache:Set] Successfully set","timestamp":"2025-06-30T03:21:27.177Z"}
{"key":"follow:684d0b800bf006f74f615f57:684d0b800bf006f74f615f57","level":"info","message":"[Cache:Get] Cache miss","timestamp":"2025-06-30T05:02:22.906Z"}
{"key":"follow:684d0b800bf006f74f615f57:684d0b800bf006f74f615f57","level":"info","message":"[Cache:Set] Successfully set","timestamp":"2025-06-30T05:02:22.994Z"}
{"key":"follow:6837510a68907d1f54db9b7f:6837510a68907d1f54db9b7f","level":"info","message":"[Cache:Get] Cache miss","timestamp":"2025-06-30T06:00:52.079Z"}
{"key":"follow:6837510a68907d1f54db9b7f:6837510a68907d1f54db9b7f","level":"info","message":"[Cache:Set] Successfully set","timestamp":"2025-06-30T06:00:52.114Z"}
{"key":"follow:684d0b800bf006f74f615f57:684d0b800bf006f74f615f57","level":"info","message":"[Cache:Get] Cache miss","timestamp":"2025-06-30T06:21:25.424Z"}
{"key":"follow:684d0b800bf006f74f615f57:684d0b800bf006f74f615f57","level":"info","message":"[Cache:Set] Successfully set","timestamp":"2025-06-30T06:21:25.461Z"}
{"key":"follow:6837510a68907d1f54db9b7f:6837510a68907d1f54db9b7f","level":"info","message":"[Cache:Get] Cache miss","timestamp":"2025-06-30T08:18:30.752Z"}
{"key":"follow:6837510a68907d1f54db9b7f:6837510a68907d1f54db9b7f","level":"info","message":"[Cache:Set] Successfully set","timestamp":"2025-06-30T08:18:30.795Z"}
{"key":"follow:684d0b800bf006f74f615f57:684d0b800bf006f74f615f57","level":"info","message":"[Cache:Get] Cache miss","timestamp":"2025-06-30T08:21:47.814Z"}
{"key":"follow:684d0b800bf006f74f615f57:684d0b800bf006f74f615f57","level":"info","message":"[Cache:Set] Successfully set","timestamp":"2025-06-30T08:21:47.961Z"}
{"key":"follow:6837510a68907d1f54db9b7f:6837510a68907d1f54db9b7f","level":"info","message":"[Cache:Get] Cache miss","timestamp":"2025-06-30T09:52:41.694Z"}
{"key":"follow:6837510a68907d1f54db9b7f:6837510a68907d1f54db9b7f","level":"info","message":"[Cache:Set] Successfully set","timestamp":"2025-06-30T09:52:41.788Z"}
{"key":"follow:6837510a68907d1f54db9b7f:6837510a68907d1f54db9b7f","level":"info","message":"[Cache:Get] Cache miss","timestamp":"2025-06-30T11:43:46.834Z"}
{"key":"follow:6837510a68907d1f54db9b7f:6837510a68907d1f54db9b7f","level":"info","message":"[Cache:Set] Successfully set","timestamp":"2025-06-30T11:43:46.884Z"}
{"key":"follow:6837510a68907d1f54db9b7f:6837510a68907d1f54db9b7f","level":"info","message":"[Cache:Get] Cache miss","timestamp":"2025-06-30T11:53:33.863Z"}
{"key":"follow:6837510a68907d1f54db9b7f:6837510a68907d1f54db9b7f","level":"info","message":"[Cache:Set] Successfully set","timestamp":"2025-06-30T11:53:33.919Z"}
{"key":"follow:6837510a68907d1f54db9b7f:684d0b800bf006f74f615f57","level":"info","message":"[Cache:Get] Cache miss","timestamp":"2025-06-30T12:00:53.867Z"}
{"key":"follow:6837510a68907d1f54db9b7f:684d0b800bf006f74f615f57","level":"info","message":"[Cache:Set] Successfully set","timestamp":"2025-06-30T12:00:53.910Z"}
{"key":"follow:6837510a68907d1f54db9b7f:6837510a68907d1f54db9b7f","level":"info","message":"[Cache:Get] Cache miss","timestamp":"2025-06-30T12:23:00.856Z"}
{"key":"follow:6837510a68907d1f54db9b7f:6837510a68907d1f54db9b7f","level":"info","message":"[Cache:Set] Successfully set","timestamp":"2025-06-30T12:23:00.913Z"}
{"key":"follow:6837510a68907d1f54db9b7f:684d0b800bf006f74f615f57","level":"info","message":"[Cache:Get] Cache miss","timestamp":"2025-06-30T12:39:16.089Z"}
{"key":"follow:6837510a68907d1f54db9b7f:68336bd62d1fb0543fa5d0ce","level":"info","message":"[Cache:Get] Cache miss","timestamp":"2025-06-30T12:39:16.096Z"}
{"key":"follow:6837510a68907d1f54db9b7f:683558568cd02366ec379c24","level":"info","message":"[Cache:Get] Cache miss","timestamp":"2025-06-30T12:39:16.099Z"}
{"key":"follow:6837510a68907d1f54db9b7f:684d0b800bf006f74f615f57","level":"info","message":"[Cache:Set] Successfully set","timestamp":"2025-06-30T12:39:16.137Z"}
{"key":"follow:6837510a68907d1f54db9b7f:68336bd62d1fb0543fa5d0ce","level":"info","message":"[Cache:Set] Successfully set","timestamp":"2025-06-30T12:39:16.151Z"}
{"key":"follow:6837510a68907d1f54db9b7f:683558568cd02366ec379c24","level":"info","message":"[Cache:Set] Successfully set","timestamp":"2025-06-30T12:39:16.153Z"}
{"level":"info","message":"Get follow status","targetUserId":"68336bd62d1fb0543fa5d0ce","timestamp":"2025-06-30T13:00:09.933Z","userId":"6837510a68907d1f54db9b7f"}
{"key":"follow:6837510a68907d1f54db9b7f:68336bd62d1fb0543fa5d0ce","level":"info","message":"[Cache:Get] Cache miss","timestamp":"2025-06-30T13:00:09.936Z"}
{"level":"info","message":"Get follow status","targetUserId":"683558568cd02366ec379c24","timestamp":"2025-06-30T13:00:09.950Z","userId":"6837510a68907d1f54db9b7f"}
{"key":"follow:6837510a68907d1f54db9b7f:683558568cd02366ec379c24","level":"info","message":"[Cache:Get] Cache miss","timestamp":"2025-06-30T13:00:09.951Z"}
{"key":"follow:6837510a68907d1f54db9b7f:68336bd62d1fb0543fa5d0ce","level":"info","message":"[Cache:Set] Successfully set","timestamp":"2025-06-30T13:00:09.976Z"}
{"error":"setCache(...).catch is not a function","level":"error","message":"Get follow status error","targetUserId":"68336bd62d1fb0543fa5d0ce","timestamp":"2025-06-30T13:00:09.977Z","userId":"6837510a68907d1f54db9b7f"}
{"key":"follow:6837510a68907d1f54db9b7f:683558568cd02366ec379c24","level":"info","message":"[Cache:Set] Successfully set","timestamp":"2025-06-30T13:00:09.998Z"}
{"error":"setCache(...).catch is not a function","level":"error","message":"Get follow status error","targetUserId":"683558568cd02366ec379c24","timestamp":"2025-06-30T13:00:09.999Z","userId":"6837510a68907d1f54db9b7f"}
{"level":"info","message":"Get follow status","targetUserId":"68336bd62d1fb0543fa5d0ce","timestamp":"2025-06-30T13:00:10.024Z","userId":"6837510a68907d1f54db9b7f"}
{"level":"info","message":"Get follow status","targetUserId":"684d0b800bf006f74f615f57","timestamp":"2025-06-30T13:00:10.031Z","userId":"6837510a68907d1f54db9b7f"}
{"key":"follow:6837510a68907d1f54db9b7f:684d0b800bf006f74f615f57","level":"info","message":"[Cache:Get] Cache miss","timestamp":"2025-06-30T13:00:10.031Z"}
{"level":"info","message":"Get follow status","targetUserId":"683558568cd02366ec379c24","timestamp":"2025-06-30T13:00:10.046Z","userId":"6837510a68907d1f54db9b7f"}
{"key":"follow:6837510a68907d1f54db9b7f:684d0b800bf006f74f615f57","level":"info","message":"[Cache:Set] Successfully set","timestamp":"2025-06-30T13:00:10.067Z"}
{"error":"setCache(...).catch is not a function","level":"error","message":"Get follow status error","targetUserId":"684d0b800bf006f74f615f57","timestamp":"2025-06-30T13:00:10.068Z","userId":"6837510a68907d1f54db9b7f"}
{"level":"info","message":"Get follow status","targetUserId":"683558568cd02366ec379c24","timestamp":"2025-06-30T13:00:10.087Z","userId":"6837510a68907d1f54db9b7f"}
{"level":"info","message":"Get follow status","targetUserId":"684d0b800bf006f74f615f57","timestamp":"2025-06-30T13:00:10.111Z","userId":"6837510a68907d1f54db9b7f"}
{"level":"info","message":"Get follow status","targetUserId":"683558568cd02366ec379c24","timestamp":"2025-06-30T13:00:10.131Z","userId":"6837510a68907d1f54db9b7f"}
{"level":"info","message":"Get follow status","targetUserId":"683558568cd02366ec379c24","timestamp":"2025-06-30T13:00:10.175Z","userId":"6837510a68907d1f54db9b7f"}
{"level":"info","message":"Get follow status","targetUserId":"683558568cd02366ec379c24","timestamp":"2025-06-30T13:00:10.215Z","userId":"6837510a68907d1f54db9b7f"}
{"level":"info","message":"Get follow status","targetUserId":"6837510a68907d1f54db9b7f","timestamp":"2025-06-30T13:00:40.543Z","userId":"6837510a68907d1f54db9b7f"}
{"key":"follow:6837510a68907d1f54db9b7f:6837510a68907d1f54db9b7f","level":"info","message":"[Cache:Get] Cache miss","timestamp":"2025-06-30T13:00:40.543Z"}
{"key":"follow:6837510a68907d1f54db9b7f:6837510a68907d1f54db9b7f","level":"info","message":"[Cache:Set] Successfully set","timestamp":"2025-06-30T13:00:40.578Z"}
{"error":"setCache(...).catch is not a function","level":"error","message":"Get follow status error","targetUserId":"6837510a68907d1f54db9b7f","timestamp":"2025-06-30T13:00:40.578Z","userId":"6837510a68907d1f54db9b7f"}
{"level":"info","message":"Get follow status","targetUserId":"6837510a68907d1f54db9b7f","timestamp":"2025-06-30T13:00:40.823Z","userId":"6837510a68907d1f54db9b7f"}
{"level":"info","message":"Get follow status","targetUserId":"68336bd62d1fb0543fa5d0ce","timestamp":"2025-06-30T13:00:47.696Z","userId":"6837510a68907d1f54db9b7f"}
{"level":"info","message":"Get follow status","targetUserId":"684d0b800bf006f74f615f57","timestamp":"2025-06-30T13:00:47.699Z","userId":"6837510a68907d1f54db9b7f"}
{"level":"info","message":"Get follow status","targetUserId":"683558568cd02366ec379c24","timestamp":"2025-06-30T13:00:47.700Z","userId":"6837510a68907d1f54db9b7f"}
{"level":"info","message":"Get follow status","targetUserId":"684d0b800bf006f74f615f57","timestamp":"2025-06-30T13:00:47.738Z","userId":"6837510a68907d1f54db9b7f"}
{"level":"info","message":"Get follow status","targetUserId":"68336bd62d1fb0543fa5d0ce","timestamp":"2025-06-30T13:00:47.739Z","userId":"6837510a68907d1f54db9b7f"}
{"level":"info","message":"Get follow status","targetUserId":"683558568cd02366ec379c24","timestamp":"2025-06-30T13:00:47.742Z","userId":"6837510a68907d1f54db9b7f"}
{"level":"info","message":"Get follow status","targetUserId":"683558568cd02366ec379c24","timestamp":"2025-06-30T13:00:47.784Z","userId":"6837510a68907d1f54db9b7f"}
{"level":"info","message":"Get follow status","targetUserId":"683558568cd02366ec379c24","timestamp":"2025-06-30T13:00:47.834Z","userId":"6837510a68907d1f54db9b7f"}
{"level":"info","message":"Get follow status","targetUserId":"684d0b800bf006f74f615f57","timestamp":"2025-06-30T13:00:47.867Z","userId":"6837510a68907d1f54db9b7f"}
{"level":"info","message":"Get follow status","targetUserId":"68336bd62d1fb0543fa5d0ce","timestamp":"2025-06-30T13:00:47.871Z","userId":"6837510a68907d1f54db9b7f"}
{"level":"info","message":"Get follow status","targetUserId":"683558568cd02366ec379c24","timestamp":"2025-06-30T13:00:47.878Z","userId":"6837510a68907d1f54db9b7f"}
{"level":"info","message":"Get follow status","targetUserId":"684d0b800bf006f74f615f57","timestamp":"2025-06-30T13:00:47.904Z","userId":"6837510a68907d1f54db9b7f"}
{"level":"info","message":"Get follow status","targetUserId":"68336bd62d1fb0543fa5d0ce","timestamp":"2025-06-30T13:00:47.909Z","userId":"6837510a68907d1f54db9b7f"}
{"level":"info","message":"Get follow status","targetUserId":"683558568cd02366ec379c24","timestamp":"2025-06-30T13:00:47.916Z","userId":"6837510a68907d1f54db9b7f"}
{"level":"info","message":"Get follow status","targetUserId":"683558568cd02366ec379c24","timestamp":"2025-06-30T13:00:47.954Z","userId":"6837510a68907d1f54db9b7f"}
{"level":"info","message":"Get follow status","targetUserId":"683558568cd02366ec379c24","timestamp":"2025-06-30T13:00:47.991Z","userId":"6837510a68907d1f54db9b7f"}
{"level":"info","message":"Get follow status","targetUserId":"684d0b800bf006f74f615f57","timestamp":"2025-06-30T13:00:48.029Z","userId":"6837510a68907d1f54db9b7f"}
{"level":"info","message":"Get follow status","targetUserId":"683558568cd02366ec379c24","timestamp":"2025-06-30T13:00:48.030Z","userId":"6837510a68907d1f54db9b7f"}
{"level":"info","message":"Get follow status","targetUserId":"684d0b800bf006f74f615f57","timestamp":"2025-06-30T13:00:48.067Z","userId":"6837510a68907d1f54db9b7f"}
{"level":"info","message":"Get follow status","targetUserId":"683558568cd02366ec379c24","timestamp":"2025-06-30T13:00:48.069Z","userId":"6837510a68907d1f54db9b7f"}
{"level":"info","message":"Get follow status","targetUserId":"68336bd62d1fb0543fa5d0ce","timestamp":"2025-06-30T13:02:26.086Z","userId":"6837510a68907d1f54db9b7f"}
{"level":"info","message":"Get follow status","targetUserId":"683558568cd02366ec379c24","timestamp":"2025-06-30T13:02:26.091Z","userId":"6837510a68907d1f54db9b7f"}
{"level":"info","message":"Get follow status","targetUserId":"684d0b800bf006f74f615f57","timestamp":"2025-06-30T13:02:26.279Z","userId":"6837510a68907d1f54db9b7f"}
{"level":"info","message":"Get follow status","targetUserId":"683558568cd02366ec379c24","timestamp":"2025-06-30T13:02:26.281Z","userId":"6837510a68907d1f54db9b7f"}
{"level":"info","message":"Get follow status","targetUserId":"684d0b800bf006f74f615f57","timestamp":"2025-06-30T13:02:26.322Z","userId":"6837510a68907d1f54db9b7f"}
{"level":"info","message":"Get follow status","targetUserId":"683558568cd02366ec379c24","timestamp":"2025-06-30T13:02:26.326Z","userId":"6837510a68907d1f54db9b7f"}
{"level":"info","message":"Get follow status","targetUserId":"68336bd62d1fb0543fa5d0ce","timestamp":"2025-06-30T13:02:32.581Z","userId":"6837510a68907d1f54db9b7f"}
{"level":"info","message":"Get follow status","targetUserId":"683558568cd02366ec379c24","timestamp":"2025-06-30T13:02:32.586Z","userId":"6837510a68907d1f54db9b7f"}
{"level":"info","message":"Get follow status","targetUserId":"684d0b800bf006f74f615f57","timestamp":"2025-06-30T13:02:32.600Z","userId":"6837510a68907d1f54db9b7f"}
{"level":"info","message":"Get follow status","targetUserId":"68336bd62d1fb0543fa5d0ce","timestamp":"2025-06-30T13:02:32.618Z","userId":"6837510a68907d1f54db9b7f"}
{"level":"info","message":"Get follow status","targetUserId":"683558568cd02366ec379c24","timestamp":"2025-06-30T13:02:32.624Z","userId":"6837510a68907d1f54db9b7f"}
{"level":"info","message":"Get follow status","targetUserId":"684d0b800bf006f74f615f57","timestamp":"2025-06-30T13:02:32.643Z","userId":"6837510a68907d1f54db9b7f"}
{"level":"info","message":"Get follow status","targetUserId":"683558568cd02366ec379c24","timestamp":"2025-06-30T13:02:32.665Z","userId":"6837510a68907d1f54db9b7f"}
{"level":"info","message":"Get follow status","targetUserId":"683558568cd02366ec379c24","timestamp":"2025-06-30T13:02:32.709Z","userId":"6837510a68907d1f54db9b7f"}
{"level":"info","message":"Get follow status","targetUserId":"683558568cd02366ec379c24","timestamp":"2025-06-30T13:02:32.747Z","userId":"6837510a68907d1f54db9b7f"}
{"level":"info","message":"Get follow status","targetUserId":"683558568cd02366ec379c24","timestamp":"2025-06-30T13:02:32.786Z","userId":"6837510a68907d1f54db9b7f"}
{"level":"info","message":"Follow request","targetUserId":"683558568cd02366ec379c24","timestamp":"2025-06-30T13:03:44.783Z","userId":"6837510a68907d1f54db9b7f"}
{"key":"follow:6837510a68907d1f54db9b7f:683558568cd02366ec379c24","level":"info","message":"[Cache:Set] Successfully set","timestamp":"2025-06-30T13:03:44.870Z"}
{"error":"setCache(...).catch is not a function","level":"error","message":"Follow user error","targetUserId":"683558568cd02366ec379c24","timestamp":"2025-06-30T13:03:44.871Z","userId":"6837510a68907d1f54db9b7f"}
{"level":"info","message":"Get follow status","targetUserId":"6837510a68907d1f54db9b7f","timestamp":"2025-06-30T13:03:54.678Z","userId":"6837510a68907d1f54db9b7f"}
{"level":"info","message":"Get follow status","targetUserId":"6837510a68907d1f54db9b7f","timestamp":"2025-06-30T13:03:55.289Z","userId":"6837510a68907d1f54db9b7f"}
{"level":"info","message":"Get follow status","targetUserId":"6837510a68907d1f54db9b7f","timestamp":"2025-06-30T13:04:17.984Z","userId":"6837510a68907d1f54db9b7f"}
{"level":"info","message":"Get follow status","targetUserId":"6837510a68907d1f54db9b7f","timestamp":"2025-06-30T13:04:18.028Z","userId":"6837510a68907d1f54db9b7f"}
{"level":"info","message":"Get follow status","targetUserId":"6837510a68907d1f54db9b7f","timestamp":"2025-06-30T13:04:21.011Z","userId":"6837510a68907d1f54db9b7f"}
{"level":"info","message":"Get follow status","targetUserId":"6837510a68907d1f54db9b7f","timestamp":"2025-06-30T13:04:21.408Z","userId":"6837510a68907d1f54db9b7f"}
{"level":"info","message":"Get follow status","targetUserId":"6837510a68907d1f54db9b7f","timestamp":"2025-06-30T13:04:23.254Z","userId":"6837510a68907d1f54db9b7f"}
{"level":"info","message":"Get follow status","targetUserId":"6837510a68907d1f54db9b7f","timestamp":"2025-06-30T13:04:23.348Z","userId":"6837510a68907d1f54db9b7f"}
{"level":"info","message":"Get follow status","targetUserId":"6837510a68907d1f54db9b7f","timestamp":"2025-06-30T13:04:23.798Z","userId":"6837510a68907d1f54db9b7f"}
{"level":"info","message":"Get follow status","targetUserId":"6837510a68907d1f54db9b7f","timestamp":"2025-06-30T13:04:23.907Z","userId":"6837510a68907d1f54db9b7f"}
{"level":"info","message":"Get follow status","targetUserId":"6837510a68907d1f54db9b7f","timestamp":"2025-06-30T13:04:26.956Z","userId":"6837510a68907d1f54db9b7f"}
{"level":"info","message":"Get follow status","targetUserId":"6837510a68907d1f54db9b7f","timestamp":"2025-06-30T13:04:27.019Z","userId":"6837510a68907d1f54db9b7f"}
{"level":"info","message":"Get follow status","targetUserId":"6837510a68907d1f54db9b7f","timestamp":"2025-06-30T13:04:42.807Z","userId":"6837510a68907d1f54db9b7f"}
{"level":"info","message":"Get follow status","targetUserId":"6837510a68907d1f54db9b7f","timestamp":"2025-06-30T13:04:42.850Z","userId":"6837510a68907d1f54db9b7f"}
{"level":"info","message":"Get follow status","targetUserId":"6837510a68907d1f54db9b7f","timestamp":"2025-06-30T13:04:43.030Z","userId":"6837510a68907d1f54db9b7f"}
{"level":"info","message":"Get follow status","targetUserId":"6837510a68907d1f54db9b7f","timestamp":"2025-06-30T13:04:43.086Z","userId":"6837510a68907d1f54db9b7f"}
{"level":"info","message":"Get follow status","targetUserId":"6837510a68907d1f54db9b7f","timestamp":"2025-06-30T13:04:51.134Z","userId":"6837510a68907d1f54db9b7f"}
{"level":"info","message":"Get follow status","targetUserId":"6837510a68907d1f54db9b7f","timestamp":"2025-06-30T13:04:51.177Z","userId":"6837510a68907d1f54db9b7f"}
{"level":"info","message":"Get follow status","targetUserId":"6837510a68907d1f54db9b7f","timestamp":"2025-06-30T15:12:38.452Z","userId":"6837510a68907d1f54db9b7f"}
{"key":"follow:6837510a68907d1f54db9b7f:6837510a68907d1f54db9b7f","level":"info","message":"[Cache:Get] Cache miss","timestamp":"2025-06-30T15:12:38.453Z"}
{"key":"follow:6837510a68907d1f54db9b7f:6837510a68907d1f54db9b7f","level":"info","message":"[Cache:Set] Successfully set","timestamp":"2025-06-30T15:12:38.491Z"}
{"error":"setCache(...).catch is not a function","level":"error","message":"Get follow status error","targetUserId":"6837510a68907d1f54db9b7f","timestamp":"2025-06-30T15:12:38.492Z","userId":"6837510a68907d1f54db9b7f"}
{"level":"info","message":"Get follow status","targetUserId":"6837510a68907d1f54db9b7f","timestamp":"2025-06-30T15:12:38.631Z","userId":"6837510a68907d1f54db9b7f"}
{"key":"follow:6837510a68907d1f54db9b7f:6837510a68907d1f54db9b7f","level":"info","message":"[Cache:Get] Cache miss","timestamp":"2025-06-30T15:47:50.700Z"}
{"key":"follow:6837510a68907d1f54db9b7f:6837510a68907d1f54db9b7f","level":"info","message":"[Cache:Set] Successfully set","timestamp":"2025-06-30T15:47:50.750Z"}
{"key":"follow:6837510a68907d1f54db9b7f:68336bd62d1fb0543fa5d0ce","level":"info","message":"[Cache:Get] Cache miss","timestamp":"2025-06-30T15:47:57.576Z"}
{"key":"follow:6837510a68907d1f54db9b7f:684d0b800bf006f74f615f57","level":"info","message":"[Cache:Get] Cache miss","timestamp":"2025-06-30T15:47:57.583Z"}
{"key":"follow:6837510a68907d1f54db9b7f:683558568cd02366ec379c24","level":"info","message":"[Cache:Get] Cache miss","timestamp":"2025-06-30T15:47:57.589Z"}
{"key":"follow:6837510a68907d1f54db9b7f:68336bd62d1fb0543fa5d0ce","level":"info","message":"[Cache:Set] Successfully set","timestamp":"2025-06-30T15:47:57.634Z"}
{"key":"follow:6837510a68907d1f54db9b7f:684d0b800bf006f74f615f57","level":"info","message":"[Cache:Set] Successfully set","timestamp":"2025-06-30T15:47:57.637Z"}
{"key":"follow:6837510a68907d1f54db9b7f:683558568cd02366ec379c24","level":"info","message":"[Cache:Set] Successfully set","timestamp":"2025-06-30T15:47:57.641Z"}
{"level":"info","message":"Get follow status","targetUserId":"68336bd62d1fb0543fa5d0ce","timestamp":"2025-06-30T16:21:20.426Z","userId":"6837510a68907d1f54db9b7f"}
{"key":"follow:6837510a68907d1f54db9b7f:68336bd62d1fb0543fa5d0ce","level":"info","message":"[Cache:Get] Cache miss","timestamp":"2025-06-30T16:21:20.436Z"}
{"level":"info","message":"Get follow status","targetUserId":"683558568cd02366ec379c24","timestamp":"2025-06-30T16:21:20.445Z","userId":"6837510a68907d1f54db9b7f"}
{"key":"follow:6837510a68907d1f54db9b7f:683558568cd02366ec379c24","level":"info","message":"[Cache:Get] Cache miss","timestamp":"2025-06-30T16:21:20.447Z"}
{"level":"info","message":"Get follow status","targetUserId":"684d0b800bf006f74f615f57","timestamp":"2025-06-30T16:21:20.459Z","userId":"6837510a68907d1f54db9b7f"}
{"key":"follow:6837510a68907d1f54db9b7f:684d0b800bf006f74f615f57","level":"info","message":"[Cache:Get] Cache miss","timestamp":"2025-06-30T16:21:20.460Z"}
{"key":"follow:6837510a68907d1f54db9b7f:68336bd62d1fb0543fa5d0ce","level":"info","message":"[Cache:Set] Successfully set","timestamp":"2025-06-30T16:21:20.479Z"}
{"error":"setCache(...).catch is not a function","level":"error","message":"Get follow status error","targetUserId":"68336bd62d1fb0543fa5d0ce","timestamp":"2025-06-30T16:21:20.480Z","userId":"6837510a68907d1f54db9b7f"}
{"key":"follow:6837510a68907d1f54db9b7f:683558568cd02366ec379c24","level":"info","message":"[Cache:Set] Successfully set","timestamp":"2025-06-30T16:21:20.489Z"}
{"error":"setCache(...).catch is not a function","level":"error","message":"Get follow status error","targetUserId":"683558568cd02366ec379c24","timestamp":"2025-06-30T16:21:20.491Z","userId":"6837510a68907d1f54db9b7f"}
{"key":"follow:6837510a68907d1f54db9b7f:684d0b800bf006f74f615f57","level":"info","message":"[Cache:Set] Successfully set","timestamp":"2025-06-30T16:21:20.506Z"}
{"error":"setCache(...).catch is not a function","level":"error","message":"Get follow status error","targetUserId":"684d0b800bf006f74f615f57","timestamp":"2025-06-30T16:21:20.508Z","userId":"6837510a68907d1f54db9b7f"}
{"level":"info","message":"Get follow status","targetUserId":"68336bd62d1fb0543fa5d0ce","timestamp":"2025-06-30T16:21:20.526Z","userId":"6837510a68907d1f54db9b7f"}
{"level":"info","message":"Get follow status","targetUserId":"683558568cd02366ec379c24","timestamp":"2025-06-30T16:21:20.542Z","userId":"6837510a68907d1f54db9b7f"}
{"level":"info","message":"Get follow status","targetUserId":"684d0b800bf006f74f615f57","timestamp":"2025-06-30T16:21:20.558Z","userId":"6837510a68907d1f54db9b7f"}
{"level":"info","message":"Get follow status","targetUserId":"683558568cd02366ec379c24","timestamp":"2025-06-30T16:21:20.600Z","userId":"6837510a68907d1f54db9b7f"}
{"level":"info","message":"Get follow status","targetUserId":"683558568cd02366ec379c24","timestamp":"2025-06-30T16:21:20.652Z","userId":"6837510a68907d1f54db9b7f"}
{"level":"info","message":"Get follow status","targetUserId":"683558568cd02366ec379c24","timestamp":"2025-06-30T16:21:27.260Z","userId":"6837510a68907d1f54db9b7f"}
{"level":"info","message":"Get follow status","targetUserId":"684d0b800bf006f74f615f57","timestamp":"2025-06-30T16:21:27.267Z","userId":"6837510a68907d1f54db9b7f"}
{"level":"info","message":"Get follow status","targetUserId":"68336bd62d1fb0543fa5d0ce","timestamp":"2025-06-30T16:21:27.293Z","userId":"6837510a68907d1f54db9b7f"}
{"level":"info","message":"Get follow status","targetUserId":"683558568cd02366ec379c24","timestamp":"2025-06-30T16:21:27.326Z","userId":"6837510a68907d1f54db9b7f"}
{"level":"info","message":"Get follow status","targetUserId":"684d0b800bf006f74f615f57","timestamp":"2025-06-30T16:21:27.329Z","userId":"6837510a68907d1f54db9b7f"}
{"level":"info","message":"Get follow status","targetUserId":"68336bd62d1fb0543fa5d0ce","timestamp":"2025-06-30T16:21:27.337Z","userId":"6837510a68907d1f54db9b7f"}
{"level":"info","message":"Get follow status","targetUserId":"683558568cd02366ec379c24","timestamp":"2025-06-30T16:21:27.368Z","userId":"6837510a68907d1f54db9b7f"}
{"level":"info","message":"Get follow status","targetUserId":"683558568cd02366ec379c24","timestamp":"2025-06-30T16:21:27.416Z","userId":"6837510a68907d1f54db9b7f"}
{"level":"info","message":"Get follow status","targetUserId":"683558568cd02366ec379c24","timestamp":"2025-06-30T16:21:27.457Z","userId":"6837510a68907d1f54db9b7f"}
{"level":"info","message":"Get follow status","targetUserId":"683558568cd02366ec379c24","timestamp":"2025-06-30T16:21:27.500Z","userId":"6837510a68907d1f54db9b7f"}
{"level":"info","message":"Get follow status","targetUserId":"6837510a68907d1f54db9b7f","timestamp":"2025-06-30T16:21:30.404Z","userId":"6837510a68907d1f54db9b7f"}
{"key":"follow:6837510a68907d1f54db9b7f:6837510a68907d1f54db9b7f","level":"info","message":"[Cache:Get] Cache miss","timestamp":"2025-06-30T16:21:30.405Z"}
{"key":"follow:6837510a68907d1f54db9b7f:6837510a68907d1f54db9b7f","level":"info","message":"[Cache:Set] Successfully set","timestamp":"2025-06-30T16:21:30.486Z"}
{"error":"setCache(...).catch is not a function","level":"error","message":"Get follow status error","targetUserId":"6837510a68907d1f54db9b7f","timestamp":"2025-06-30T16:21:30.487Z","userId":"6837510a68907d1f54db9b7f"}
{"level":"info","message":"Get follow status","targetUserId":"6837510a68907d1f54db9b7f","timestamp":"2025-06-30T16:21:31.111Z","userId":"6837510a68907d1f54db9b7f"}
{"key":"follow:6837510a68907d1f54db9b7f:68336bd62d1fb0543fa5d0ce","level":"info","message":"[Cache:Get] Cache miss","timestamp":"2025-06-30T16:21:52.011Z"}
{"key":"follow:6837510a68907d1f54db9b7f:684d0b800bf006f74f615f57","level":"info","message":"[Cache:Get] Cache miss","timestamp":"2025-06-30T16:21:52.017Z"}
{"key":"follow:6837510a68907d1f54db9b7f:683558568cd02366ec379c24","level":"info","message":"[Cache:Get] Cache miss","timestamp":"2025-06-30T16:21:52.023Z"}
{"key":"follow:6837510a68907d1f54db9b7f:68336bd62d1fb0543fa5d0ce","level":"info","message":"[Cache:Set] Successfully set","timestamp":"2025-06-30T16:21:52.049Z"}
{"key":"follow:6837510a68907d1f54db9b7f:684d0b800bf006f74f615f57","level":"info","message":"[Cache:Set] Successfully set","timestamp":"2025-06-30T16:21:52.055Z"}
{"key":"follow:6837510a68907d1f54db9b7f:683558568cd02366ec379c24","level":"info","message":"[Cache:Set] Successfully set","timestamp":"2025-06-30T16:21:52.067Z"}
{"key":"follow:6837510a68907d1f54db9b7f:68336bd62d1fb0543fa5d0ce","level":"info","message":"[Cache:Get] Cache miss","timestamp":"2025-06-30T16:25:06.601Z"}
{"key":"follow:6837510a68907d1f54db9b7f:683558568cd02366ec379c24","level":"info","message":"[Cache:Get] Cache miss","timestamp":"2025-06-30T16:25:06.655Z"}
{"key":"follow:6837510a68907d1f54db9b7f:68336bd62d1fb0543fa5d0ce","level":"info","message":"[Cache:Set] Successfully set","timestamp":"2025-06-30T16:25:06.658Z"}
{"key":"follow:6837510a68907d1f54db9b7f:684d0b800bf006f74f615f57","level":"info","message":"[Cache:Get] Cache miss","timestamp":"2025-06-30T16:25:06.661Z"}
{"key":"follow:6837510a68907d1f54db9b7f:683558568cd02366ec379c24","level":"info","message":"[Cache:Set] Successfully set","timestamp":"2025-06-30T16:25:06.692Z"}
{"key":"follow:6837510a68907d1f54db9b7f:684d0b800bf006f74f615f57","level":"info","message":"[Cache:Set] Successfully set","timestamp":"2025-06-30T16:25:06.702Z"}
{"key":"follow:6837510a68907d1f54db9b7f:68336bd62d1fb0543fa5d0ce","level":"info","message":"[Cache:Get] Cache miss","timestamp":"2025-06-30T16:26:06.429Z"}
{"key":"follow:6837510a68907d1f54db9b7f:683558568cd02366ec379c24","level":"info","message":"[Cache:Get] Cache miss","timestamp":"2025-06-30T16:26:06.461Z"}
{"key":"follow:6837510a68907d1f54db9b7f:68336bd62d1fb0543fa5d0ce","level":"info","message":"[Cache:Set] Successfully set","timestamp":"2025-06-30T16:26:06.464Z"}
{"key":"follow:6837510a68907d1f54db9b7f:683558568cd02366ec379c24","level":"info","message":"[Cache:Set] Successfully set","timestamp":"2025-06-30T16:26:06.498Z"}
{"key":"follow:6837510a68907d1f54db9b7f:684d0b800bf006f74f615f57","level":"info","message":"[Cache:Get] Cache miss","timestamp":"2025-06-30T16:26:06.502Z"}
{"key":"follow:6837510a68907d1f54db9b7f:684d0b800bf006f74f615f57","level":"info","message":"[Cache:Set] Successfully set","timestamp":"2025-06-30T16:26:06.539Z"}
{"key":"follow:6837510a68907d1f54db9b7f:6837510a68907d1f54db9b7f","level":"info","message":"[Cache:Get] Cache miss","timestamp":"2025-06-30T16:29:58.930Z"}
{"key":"follow:6837510a68907d1f54db9b7f:6837510a68907d1f54db9b7f","level":"info","message":"[Cache:Set] Successfully set","timestamp":"2025-06-30T16:29:58.964Z"}
{"key":"follow:6837510a68907d1f54db9b7f:68336bd62d1fb0543fa5d0ce","level":"info","message":"[Cache:Get] Cache miss","timestamp":"2025-06-30T16:39:16.815Z"}
{"key":"follow:6837510a68907d1f54db9b7f:683558568cd02366ec379c24","level":"info","message":"[Cache:Get] Cache miss","timestamp":"2025-06-30T16:39:16.823Z"}
{"key":"follow:6837510a68907d1f54db9b7f:68336bd62d1fb0543fa5d0ce","level":"info","message":"[Cache:Set] Successfully set","timestamp":"2025-06-30T16:39:16.853Z"}
{"key":"follow:6837510a68907d1f54db9b7f:683558568cd02366ec379c24","level":"info","message":"[Cache:Set] Successfully set","timestamp":"2025-06-30T16:39:16.859Z"}
{"key":"follow:6837510a68907d1f54db9b7f:684d0b800bf006f74f615f57","level":"info","message":"[Cache:Get] Cache miss","timestamp":"2025-06-30T16:39:16.875Z"}
{"key":"follow:6837510a68907d1f54db9b7f:684d0b800bf006f74f615f57","level":"info","message":"[Cache:Set] Successfully set","timestamp":"2025-06-30T16:39:16.914Z"}
{"key":"follow:6837510a68907d1f54db9b7f:6837510a68907d1f54db9b7f","level":"info","message":"[Cache:Get] Cache miss","timestamp":"2025-06-30T16:39:49.588Z"}
{"key":"follow:6837510a68907d1f54db9b7f:6837510a68907d1f54db9b7f","level":"info","message":"[Cache:Set] Successfully set","timestamp":"2025-06-30T16:39:49.623Z"}
{"key":"follow:6837510a68907d1f54db9b7f:6837510a68907d1f54db9b7f","level":"info","message":"[Cache:Get] Cache miss","timestamp":"2025-06-30T16:41:26.202Z"}
{"key":"follow:6837510a68907d1f54db9b7f:6837510a68907d1f54db9b7f","level":"info","message":"[Cache:Set] Successfully set","timestamp":"2025-06-30T16:41:26.239Z"}
{"key":"follow:6837510a68907d1f54db9b7f:6837510a68907d1f54db9b7f","level":"info","message":"[Cache:Get] Cache miss","timestamp":"2025-06-30T16:41:42.687Z"}
{"key":"follow:6837510a68907d1f54db9b7f:6837510a68907d1f54db9b7f","level":"info","message":"[Cache:Set] Successfully set","timestamp":"2025-06-30T16:41:42.728Z"}
{"key":"follow:6837510a68907d1f54db9b7f:68336bd62d1fb0543fa5d0ce","level":"info","message":"[Cache:Get] Cache miss","timestamp":"2025-06-30T16:41:46.616Z"}
{"key":"follow:6837510a68907d1f54db9b7f:683558568cd02366ec379c24","level":"info","message":"[Cache:Get] Cache miss","timestamp":"2025-06-30T16:41:46.669Z"}
{"key":"follow:6837510a68907d1f54db9b7f:684d0b800bf006f74f615f57","level":"info","message":"[Cache:Get] Cache miss","timestamp":"2025-06-30T16:41:46.671Z"}
{"key":"follow:6837510a68907d1f54db9b7f:68336bd62d1fb0543fa5d0ce","level":"info","message":"[Cache:Set] Successfully set","timestamp":"2025-06-30T16:41:46.674Z"}
{"key":"follow:6837510a68907d1f54db9b7f:684d0b800bf006f74f615f57","level":"info","message":"[Cache:Set] Successfully set","timestamp":"2025-06-30T16:41:46.736Z"}
{"key":"follow:6837510a68907d1f54db9b7f:683558568cd02366ec379c24","level":"info","message":"[Cache:Set] Successfully set","timestamp":"2025-06-30T16:41:46.737Z"}
{"key":"follow:6837510a68907d1f54db9b7f:684d0b800bf006f74f615f57","level":"info","message":"[Cache:Get] Cache miss","timestamp":"2025-06-30T16:44:39.682Z"}
{"key":"follow:6837510a68907d1f54db9b7f:684d0b800bf006f74f615f57","level":"info","message":"[Cache:Set] Successfully set","timestamp":"2025-06-30T16:44:39.721Z"}
{"key":"follow:6837510a68907d1f54db9b7f:6837510a68907d1f54db9b7f","level":"info","message":"[Cache:Get] Cache miss","timestamp":"2025-06-30T16:44:42.177Z"}
{"key":"follow:6837510a68907d1f54db9b7f:6837510a68907d1f54db9b7f","level":"info","message":"[Cache:Set] Successfully set","timestamp":"2025-06-30T16:44:42.221Z"}
{"key":"follow:6837510a68907d1f54db9b7f:68336bd62d1fb0543fa5d0ce","level":"info","message":"[Cache:Get] Cache miss","timestamp":"2025-06-30T16:44:49.096Z"}
{"key":"follow:6837510a68907d1f54db9b7f:683558568cd02366ec379c24","level":"info","message":"[Cache:Get] Cache miss","timestamp":"2025-06-30T16:44:49.104Z"}
{"key":"follow:6837510a68907d1f54db9b7f:68336bd62d1fb0543fa5d0ce","level":"info","message":"[Cache:Set] Successfully set","timestamp":"2025-06-30T16:44:49.132Z"}
{"key":"follow:6837510a68907d1f54db9b7f:683558568cd02366ec379c24","level":"info","message":"[Cache:Set] Successfully set","timestamp":"2025-06-30T16:44:49.144Z"}
{"key":"follow:6837510a68907d1f54db9b7f:6837510a68907d1f54db9b7f","level":"info","message":"[Cache:Get] Cache miss","timestamp":"2025-06-30T17:06:17.846Z"}
{"key":"follow:6837510a68907d1f54db9b7f:6837510a68907d1f54db9b7f","level":"info","message":"[Cache:Set] Successfully set","timestamp":"2025-06-30T17:06:17.890Z"}
{"key":"follow:684d0b800bf006f74f615f57:684d0b800bf006f74f615f57","level":"info","message":"[Cache:Get] Cache miss","timestamp":"2025-06-30T17:21:57.932Z"}
{"key":"follow:684d0b800bf006f74f615f57:684d0b800bf006f74f615f57","level":"info","message":"[Cache:Set] Successfully set","timestamp":"2025-06-30T17:21:57.980Z"}
{"key":"follow:684d0b800bf006f74f615f57:6837510a68907d1f54db9b7f","level":"info","message":"[Cache:Get] Cache miss","timestamp":"2025-06-30T17:22:07.726Z"}
{"key":"follow:684d0b800bf006f74f615f57:6837510a68907d1f54db9b7f","level":"info","message":"[Cache:Set] Successfully set","timestamp":"2025-06-30T17:22:07.788Z"}
{"key":"follow:6837510a68907d1f54db9b7f:683558568cd02366ec379c24","level":"info","message":"[Cache:Get] Cache miss","timestamp":"2025-06-30T17:44:49.806Z"}
{"key":"follow:6837510a68907d1f54db9b7f:684d0b800bf006f74f615f57","level":"info","message":"[Cache:Get] Cache miss","timestamp":"2025-06-30T17:44:49.894Z"}
{"key":"follow:6837510a68907d1f54db9b7f:68336bd62d1fb0543fa5d0ce","level":"info","message":"[Cache:Get] Cache miss","timestamp":"2025-06-30T17:44:49.899Z"}
{"key":"follow:6837510a68907d1f54db9b7f:683558568cd02366ec379c24","level":"info","message":"[Cache:Set] Successfully set","timestamp":"2025-06-30T17:44:49.960Z"}
{"key":"follow:6837510a68907d1f54db9b7f:684d0b800bf006f74f615f57","level":"info","message":"[Cache:Set] Successfully set","timestamp":"2025-06-30T17:44:49.964Z"}
{"key":"follow:6837510a68907d1f54db9b7f:68336bd62d1fb0543fa5d0ce","level":"info","message":"[Cache:Set] Successfully set","timestamp":"2025-06-30T17:44:49.968Z"}
{"key":"follow:684d0b800bf006f74f615f57:684d0b800bf006f74f615f57","level":"info","message":"[Cache:Get] Cache miss","timestamp":"2025-06-30T18:12:26.532Z"}
{"key":"follow:684d0b800bf006f74f615f57:684d0b800bf006f74f615f57","level":"info","message":"[Cache:Set] Successfully set","timestamp":"2025-06-30T18:12:26.618Z"}
{"key":"follow:684d0b800bf006f74f615f57:6837510a68907d1f54db9b7f","level":"info","message":"[Cache:Get] Cache miss","timestamp":"2025-06-30T18:12:31.461Z"}
{"key":"follow:684d0b800bf006f74f615f57:6837510a68907d1f54db9b7f","level":"info","message":"[Cache:Set] Successfully set","timestamp":"2025-06-30T18:12:31.533Z"}
{"key":"follow:684d0b800bf006f74f615f57:6837510a68907d1f54db9b7f","level":"info","message":"[Cache:Set] Successfully set","timestamp":"2025-06-30T18:12:34.072Z"}
{"key":"follow:684d0b800bf006f74f615f57:684d0b800bf006f74f615f57","level":"info","message":"[Cache:Get] Cache miss","timestamp":"2025-06-30T18:19:30.168Z"}
{"key":"follow:684d0b800bf006f74f615f57:684d0b800bf006f74f615f57","level":"info","message":"[Cache:Set] Successfully set","timestamp":"2025-06-30T18:19:30.203Z"}
{"key":"follow:684d0b800bf006f74f615f57:684d0b800bf006f74f615f57","level":"info","message":"[Cache:Get] Cache miss","timestamp":"2025-06-30T18:20:06.603Z"}
{"key":"follow:684d0b800bf006f74f615f57:684d0b800bf006f74f615f57","level":"info","message":"[Cache:Set] Successfully set","timestamp":"2025-06-30T18:20:06.641Z"}
{"key":"follow:684d0b800bf006f74f615f57:6837510a68907d1f54db9b7f","level":"info","message":"[Cache:Get] Cache miss","timestamp":"2025-06-30T18:25:09.377Z"}
{"key":"follow:684d0b800bf006f74f615f57:6837510a68907d1f54db9b7f","level":"info","message":"[Cache:Set] Successfully set","timestamp":"2025-06-30T18:25:09.432Z"}
{"key":"follow:6837510a68907d1f54db9b7f:6837510a68907d1f54db9b7f","level":"info","message":"[Cache:Get] Cache miss","timestamp":"2025-06-30T18:32:08.141Z"}
{"key":"follow:6837510a68907d1f54db9b7f:6837510a68907d1f54db9b7f","level":"info","message":"[Cache:Set] Successfully set","timestamp":"2025-06-30T18:32:08.180Z"}
{"key":"follow:684d0b800bf006f74f615f57:684d0b800bf006f74f615f57","level":"info","message":"[Cache:Get] Cache miss","timestamp":"2025-06-30T18:39:51.266Z"}
{"key":"follow:684d0b800bf006f74f615f57:684d0b800bf006f74f615f57","level":"info","message":"[Cache:Set] Successfully set","timestamp":"2025-06-30T18:39:51.342Z"}
{"key":"follow:6837510a68907d1f54db9b7f:6837510a68907d1f54db9b7f","level":"info","message":"[Cache:Get] Cache miss","timestamp":"2025-06-30T19:00:44.212Z"}
{"key":"follow:6837510a68907d1f54db9b7f:6837510a68907d1f54db9b7f","level":"info","message":"[Cache:Set] Successfully set","timestamp":"2025-06-30T19:00:44.252Z"}
